2026-10-02T09:43:05.195+0900 [DEBUG] [org.gradle.launcher.daemon.bootstrap.DaemonMain] Assuming the daemon was started with following jvm opts: [-XX:MaxMetaspaceSize=384m, -XX:+HeapDumpOnOutOfMemoryError, -Xms256m, -Xmx512m, -Dfile.encoding=UTF-8, -Duser.country=US, -Duser.language=en, -Duser.variant]
2026-10-02T09:43:05.292+0900 [DEBUG] [org.gradle.internal.remote.internal.inet.InetAddresses] Adding IP addresses for network interface enxca6425e18348
2026-10-02T09:43:05.292+0900 [DEBUG] [org.gradle.internal.remote.internal.inet.InetAddresses] Is this a loopback interface? false
2026-10-02T09:43:05.293+0900 [DEBUG] [org.gradle.internal.remote.internal.inet.InetAddresses] Adding remote address /fe80:0:0:0:e2d5:40e9:4d6:7bd4%enxca6425e18348
2026-10-02T09:43:05.293+0900 [DEBUG] [org.gradle.internal.remote.internal.inet.InetAddresses] Adding remote address /2001:e60:2125:ea04:3365:5ed7:701f:dbce%enxca6425e18348
2026-10-02T09:43:05.293+0900 [DEBUG] [org.gradle.internal.remote.internal.inet.InetAddresses] Adding remote address /2001:e60:2125:ea04:52e0:f325:e69f:7b9b%enxca6425e18348
2026-10-02T09:43:05.294+0900 [DEBUG] [org.gradle.internal.remote.internal.inet.InetAddresses] Adding remote address /10.251.217.1
2026-10-02T09:43:05.294+0900 [DEBUG] [org.gradle.internal.remote.internal.inet.InetAddresses] Adding IP addresses for network interface br-82bf5adf6243
2026-10-02T09:43:05.294+0900 [DEBUG] [org.gradle.internal.remote.internal.inet.InetAddresses] Is this a loopback interface? false
2026-10-02T09:43:05.294+0900 [DEBUG] [org.gradle.internal.remote.internal.inet.InetAddresses] Adding remote address /172.22.0.1
2026-10-02T09:43:05.295+0900 [DEBUG] [org.gradle.internal.remote.internal.inet.InetAddresses] Adding IP addresses for network interface docker0
2026-10-02T09:43:05.295+0900 [DEBUG] [org.gradle.internal.remote.internal.inet.InetAddresses] Is this a loopback interface? false
2026-10-02T09:43:05.295+0900 [DEBUG] [org.gradle.internal.remote.internal.inet.InetAddresses] Adding remote address /172.17.0.1
2026-10-02T09:43:05.295+0900 [DEBUG] [org.gradle.internal.remote.internal.inet.InetAddresses] Adding IP addresses for network interface br-6640da763faa
2026-10-02T09:43:05.296+0900 [DEBUG] [org.gradle.internal.remote.internal.inet.InetAddresses] Is this a loopback interface? false
2026-10-02T09:43:05.296+0900 [DEBUG] [org.gradle.internal.remote.internal.inet.InetAddresses] Adding remote address /172.19.0.1
2026-10-02T09:43:05.296+0900 [DEBUG] [org.gradle.internal.remote.internal.inet.InetAddresses] Adding IP addresses for network interface br-0d8c5a2141e6
2026-10-02T09:43:05.296+0900 [DEBUG] [org.gradle.internal.remote.internal.inet.InetAddresses] Is this a loopback interface? false
2026-10-02T09:43:05.296+0900 [DEBUG] [org.gradle.internal.remote.internal.inet.InetAddresses] Adding remote address /172.21.0.1
2026-10-02T09:43:05.297+0900 [DEBUG] [org.gradle.internal.remote.internal.inet.InetAddresses] Adding IP addresses for network interface br-cf8a96ca3033
2026-10-02T09:43:05.297+0900 [DEBUG] [org.gradle.internal.remote.internal.inet.InetAddresses] Is this a loopback interface? false
2026-10-02T09:43:05.297+0900 [DEBUG] [org.gradle.internal.remote.internal.inet.InetAddresses] Adding remote address /fc00:f853:ccd:e793:0:0:0:1%br-cf8a96ca3033
2026-10-02T09:43:05.297+0900 [DEBUG] [org.gradle.internal.remote.internal.inet.InetAddresses] Adding remote address /172.18.0.1
2026-10-02T09:43:05.297+0900 [DEBUG] [org.gradle.internal.remote.internal.inet.InetAddresses] Adding IP addresses for network interface br-ceea5574286c
2026-10-02T09:43:05.298+0900 [DEBUG] [org.gradle.internal.remote.internal.inet.InetAddresses] Is this a loopback interface? false
2026-10-02T09:43:05.298+0900 [DEBUG] [org.gradle.internal.remote.internal.inet.InetAddresses] Adding remote address /172.24.0.1
2026-10-02T09:43:05.298+0900 [DEBUG] [org.gradle.internal.remote.internal.inet.InetAddresses] Adding IP addresses for network interface br-8b39823a7b9a
2026-10-02T09:43:05.298+0900 [DEBUG] [org.gradle.internal.remote.internal.inet.InetAddresses] Is this a loopback interface? false
2026-10-02T09:43:05.298+0900 [DEBUG] [org.gradle.internal.remote.internal.inet.InetAddresses] Adding remote address /172.23.0.1
2026-10-02T09:43:05.299+0900 [DEBUG] [org.gradle.internal.remote.internal.inet.InetAddresses] Adding IP addresses for network interface br-8ae1aa29f1a3
2026-10-02T09:43:05.299+0900 [DEBUG] [org.gradle.internal.remote.internal.inet.InetAddresses] Is this a loopback interface? false
2026-10-02T09:43:05.299+0900 [DEBUG] [org.gradle.internal.remote.internal.inet.InetAddresses] Adding remote address /172.20.0.1
2026-10-02T09:43:05.299+0900 [DEBUG] [org.gradle.internal.remote.internal.inet.InetAddresses] Adding IP addresses for network interface lo
2026-10-02T09:43:05.299+0900 [DEBUG] [org.gradle.internal.remote.internal.inet.InetAddresses] Is this a loopback interface? true
2026-10-02T09:43:05.299+0900 [DEBUG] [org.gradle.internal.remote.internal.inet.InetAddresses] Adding loopback address /0:0:0:0:0:0:0:1%lo
2026-10-02T09:43:05.300+0900 [DEBUG] [org.gradle.internal.remote.internal.inet.InetAddresses] Adding loopback address /127.0.0.1
2026-10-02T09:43:05.330+0900 [INFO] [org.gradle.launcher.daemon.server.Daemon] start() called on daemon - DefaultDaemonContext[uid=f98f27c5-4a8d-4379-b87a-797ad4734170,javaHome=/usr/lib/jvm/java-25-openjdk-amd64,javaVersion=25,javaVendor=Ubuntu,daemonRegistryDir=/home/vienna/.gradle/daemon,pid=2830097,idleTimeout=10800000,priority=NORMAL,applyInstrumentationAgent=true,nativeServicesMode=ENABLED,daemonOpts=-XX:MaxMetaspaceSize=384m,-XX:+HeapDumpOnOutOfMemoryError,-Xms256m,-Xmx512m,-Dfile.encoding=UTF-8,-Duser.country=US,-Duser.language=en,-Duser.variant]
2026-10-02T09:43:05.334+0900 [DEBUG] [org.gradle.internal.remote.internal.inet.TcpIncomingConnector] Listening on [7a8b821c-fbe7-492d-b283-722b424650c7 port:41611, addresses:[localhost/127.0.0.1]].
2026-10-02T09:43:05.337+0900 [DEBUG] [org.gradle.launcher.daemon.server.Daemon] Daemon starting at: Fri Oct 02 09:43:05 KST 2026, with address: [7a8b821c-fbe7-492d-b283-722b424650c7 port:41611, addresses:[localhost/127.0.0.1]]
2026-10-02T09:43:05.337+0900 [INFO] [org.gradle.launcher.daemon.server.DaemonRegistryUpdater] Advertising the daemon address to the clients: [7a8b821c-fbe7-492d-b283-722b424650c7 port:41611, addresses:[localhost/127.0.0.1]]
2026-10-02T09:43:05.338+0900 [DEBUG] [org.gradle.launcher.daemon.server.DaemonRegistryUpdater] Advertised daemon context: DefaultDaemonContext[uid=f98f27c5-4a8d-4379-b87a-797ad4734170,javaHome=/usr/lib/jvm/java-25-openjdk-amd64,javaVersion=25,javaVendor=Ubuntu,daemonRegistryDir=/home/vienna/.gradle/daemon,pid=2830097,idleTimeout=10800000,priority=NORMAL,applyInstrumentationAgent=true,nativeServicesMode=ENABLED,daemonOpts=-XX:MaxMetaspaceSize=384m,-XX:+HeapDumpOnOutOfMemoryError,-Xms256m,-Xmx512m,-Dfile.encoding=UTF-8,-Duser.country=US,-Duser.language=en,-Duser.variant]
2026-10-02T09:43:05.338+0900 [DEBUG] [org.gradle.launcher.daemon.registry.PersistentDaemonRegistry] Storing daemon address: [7a8b821c-fbe7-492d-b283-722b424650c7 port:41611, addresses:[localhost/127.0.0.1]], context: DefaultDaemonContext[uid=f98f27c5-4a8d-4379-b87a-797ad4734170,javaHome=/usr/lib/jvm/java-25-openjdk-amd64,javaVersion=25,javaVendor=Ubuntu,daemonRegistryDir=/home/vienna/.gradle/daemon,pid=2830097,idleTimeout=10800000,priority=NORMAL,applyInstrumentationAgent=true,nativeServicesMode=ENABLED,daemonOpts=-XX:MaxMetaspaceSize=384m,-XX:+HeapDumpOnOutOfMemoryError,-Xms256m,-Xmx512m,-Dfile.encoding=UTF-8,-Duser.country=US,-Duser.language=en,-Duser.variant]
2026-10-02T09:43:05.343+0900 [DEBUG] [org.gradle.cache.internal.DefaultFileLockManager] Waiting to acquire exclusive lock on daemon addresses registry.
2026-10-02T09:43:05.345+0900 [DEBUG] [org.gradle.cache.internal.DefaultFileLockManager] Lock acquired on daemon addresses registry.
2026-10-02T09:43:05.348+0900 [DEBUG] [org.gradle.cache.internal.DefaultFileLockManager] Releasing lock on daemon addresses registry.
2026-10-02T09:43:05.349+0900 [LIFECYCLE] [org.gradle.launcher.daemon.server.Daemon] Daemon server started.
2026-10-02T09:43:05.349+0900 [DEBUG] [org.gradle.launcher.daemon.bootstrap.DaemonStartupCommunication] Completed writing the daemon greeting. Closing streams...
2026-10-02T09:43:05.354+0900 [DEBUG] [org.gradle.launcher.daemon.server.Daemon] stopOnExpiration() called on daemon
2026-10-02T09:43:05.355+0900 [DEBUG] [org.gradle.internal.remote.internal.inet.TcpIncomingConnector] Accepted connection from /127.0.0.1:48600 to /127.0.0.1:41611.
2026-10-02T09:43:05.357+0900 [DEBUG] [org.gradle.launcher.daemon.server.Daemon] awaitExpiration() called on daemon
2026-10-02T09:43:05.358+0900 [DEBUG] [org.gradle.launcher.daemon.server.DaemonStateCoordinator] daemon is running. Sleeping until state changes.
2026-10-02T09:43:05.369+0900 [DEBUG] [org.gradle.launcher.daemon.server.SynchronizedDispatchConnection] thread 37: received class org.gradle.launcher.daemon.protocol.Build
2026-10-02T09:43:05.370+0900 [DEBUG] [org.gradle.launcher.daemon.server.DefaultDaemonConnection] thread 37: Received non-IO message from client: Build{id=65ec0059-52f2-4e56-b2ed-95ffcee13a2b, currentDir=/home/vienna/Downloads/mybatis-dbcolumn-demo}
2026-10-02T09:43:05.370+0900 [INFO] [org.gradle.launcher.daemon.server.DefaultIncomingConnectionHandler] Received command: Build{id=65ec0059-52f2-4e56-b2ed-95ffcee13a2b, currentDir=/home/vienna/Downloads/mybatis-dbcolumn-demo}.
2026-10-02T09:43:05.370+0900 [DEBUG] [org.gradle.launcher.daemon.server.DefaultIncomingConnectionHandler] Starting executing command: Build{id=65ec0059-52f2-4e56-b2ed-95ffcee13a2b, currentDir=/home/vienna/Downloads/mybatis-dbcolumn-demo} with connection: socket connection from /127.0.0.1:41611 to /127.0.0.1:48600.
2026-10-02T09:43:05.371+0900 [DEBUG] [org.gradle.launcher.daemon.server.DaemonStateCoordinator] Command execution: started DaemonCommandExecution[command = Build{id=65ec0059-52f2-4e56-b2ed-95ffcee13a2b, currentDir=/home/vienna/Downloads/mybatis-dbcolumn-demo}, connection = DefaultDaemonConnection: socket connection from /127.0.0.1:41611 to /127.0.0.1:48600] after 6.5E-4 minutes of idle
2026-10-02T09:43:05.372+0900 [INFO] [org.gradle.launcher.daemon.server.DaemonRegistryUpdater] Marking the daemon as busy, address: [7a8b821c-fbe7-492d-b283-722b424650c7 port:41611, addresses:[localhost/127.0.0.1]]
2026-10-02T09:43:05.372+0900 [DEBUG] [org.gradle.launcher.daemon.registry.PersistentDaemonRegistry] Marking busy by address: [7a8b821c-fbe7-492d-b283-722b424650c7 port:41611, addresses:[localhost/127.0.0.1]]
2026-10-02T09:43:05.372+0900 [DEBUG] [org.gradle.cache.internal.DefaultFileLockManager] Waiting to acquire exclusive lock on daemon addresses registry.
2026-10-02T09:43:05.373+0900 [DEBUG] [org.gradle.cache.internal.DefaultFileLockManager] Lock acquired on daemon addresses registry.
2026-10-02T09:43:05.374+0900 [DEBUG] [org.gradle.cache.internal.DefaultFileLockManager] Releasing lock on daemon addresses registry.
2026-10-02T09:43:05.374+0900 [DEBUG] [org.gradle.launcher.daemon.server.DaemonStateCoordinator] resetting idle timer
2026-10-02T09:43:05.374+0900 [DEBUG] [org.gradle.launcher.daemon.server.DaemonStateCoordinator] daemon is running. Sleeping until state changes.
2026-10-02T09:43:05.375+0900 [INFO] [org.gradle.launcher.daemon.server.exec.StartBuildOrRespondWithBusy] Daemon is about to start building Build{id=65ec0059-52f2-4e56-b2ed-95ffcee13a2b, currentDir=/home/vienna/Downloads/mybatis-dbcolumn-demo}. Dispatching build started information...
2026-10-02T09:43:05.375+0900 [DEBUG] [org.gradle.launcher.daemon.server.SynchronizedDispatchConnection] thread 39: dispatching org.gradle.launcher.daemon.protocol.BuildStarted@68a91b9b
2026-10-02T09:43:05.376+0900 [DEBUG] [org.gradle.launcher.daemon.server.exec.LogToClient] About to start relaying all logs to the client via the connection.
2026-10-02T09:43:05.377+0900 [INFO] [org.gradle.launcher.daemon.server.exec.LogToClient] The client will now receive all logging from the daemon (pid: 2830097). The daemon log file: /home/vienna/.gradle/daemon/9.6.1/daemon-2830097.out.log
2026-10-02T09:43:05.377+0900 [DEBUG] [org.gradle.launcher.daemon.server.exec.ApplyClientEnvironmentVariables] Configuring env variables: [PATH, XAUTHORITY, INVOCATION_ID, XMODIFIERS, ZDOTDIR, XDG_DATA_DIRS, GDMSESSION, DBUS_SESSION_BUS_ADDRESS, VSCODE_GIT_IPC_HANDLE, VSCODE_PYTHON_AUTOACTIVATE_GUARD, PNPM_HOME, XDG_CURRENT_DESKTOP, COPILOT_DEBUG_NONCE, VSCODE_INJECTION, COLORTERM, MANAGERPIDFDID, P9K_TTY, PTYXIS_VERSION, USERNAME, LOGNAME, VSCODE_GIT_ASKPASS_NODE, TERM_PROGRAM_VERSION, MANAGERPID, PWD, GIT_ASKPASS, NVM_CD_FLAGS, SHELL, CHROME_DESKTOP, PAGER, OLDPWD, ZSH, CLAUDE_CODE_SSE_PORT, P9K_SSH, GNOME_DESKTOP_SESSION_ID, GTK_MODULES, DBUS_STARTER_ADDRESS, LESS, SYSTEMD_EXEC_PID, LS_COLORS, XDG_SESSION_DESKTOP, GNOME_SETUP_DISPLAY, SHLVL, QT_IM_MODULES, MEMORY_PRESSURE_WRITE, _P9K_SSH_TTY, QT_IM_MODULE, MEMORY_PRESSURE_WATCH, XDG_SESSION_EXTRA_DEVICE_ACCESS, TERM, EGL_PLATFORM, LANG, _P9K_TTY, XDG_SESSION_TYPE, FLATPAK_TTY_PROGRESS, VSCODE_GIT_ASKPASS_MAIN, DISPLAY, NVM_INC, WAYLAND_DISPLAY, FC_FONTATIONS, VSCODE_GIT_ASKPASS_EXTRA_ARGS, XDG_SESSION_CLASS, _, NVM_DIR, VSCODE_JDWP_ADAPTER_ENDPOINTS, TERM_PROGRAM, GDK_BACKEND, LSCOLORS, USER_ZDOTDIR, GPG_AGENT_INFO, DESKTOP_SESSION, USER, XDG_MENU_PREFIX, GIO_LAUNCHED_DESKTOP_FILE_PID, VSCODE_NONCE, PTYXIS_PROFILE, QT_ACCESSIBILITY, VTE_VERSION, SSH_AUTH_SOCK, NO_AT_BRIDGE, XDG_RUNTIME_DIR, NVM_BIN, HOME, DBUS_STARTER_BUS_TYPE, VSCODE_JAVA_EXEC]
2026-10-02T09:43:05.388+0900 [INFO] [org.gradle.launcher.daemon.server.exec.LogAndCheckHealth] Starting build in new daemon [memory: 512 MiB]
2026-10-02T09:43:05.392+0900 [DEBUG] [org.gradle.launcher.daemon.server.exec.ExecuteBuild] The daemon has started executing the build.
2026-10-02T09:43:05.392+0900 [DEBUG] [org.gradle.launcher.daemon.server.exec.ExecuteBuild] Executing build with daemon context: DefaultDaemonContext[uid=f98f27c5-4a8d-4379-b87a-797ad4734170,javaHome=/usr/lib/jvm/java-25-openjdk-amd64,javaVersion=25,javaVendor=Ubuntu,daemonRegistryDir=/home/vienna/.gradle/daemon,pid=2830097,idleTimeout=10800000,priority=NORMAL,applyInstrumentationAgent=true,nativeServicesMode=ENABLED,daemonOpts=-XX:MaxMetaspaceSize=384m,-XX:+HeapDumpOnOutOfMemoryError,-Xms256m,-Xmx512m,-Dfile.encoding=UTF-8,-Duser.country=US,-Duser.language=en,-Duser.variant]

  .   ____          _            __ _ _
 /\\ / ___'_ __ _ _(_)_ __  __ _ \ \ \ \
( ( )\___ | '_ | '_| | '_ \/ _` | \ \ \ \
 \\/  ___)| |_)| | | | | || (_| |  ) ) ) )
  '  |____| .__|_| |_|_| |_\__, | / / / /
 =========|_|==============|___/=/_/_/_/

 :: Spring Boot ::                (v4.1.0)

2026-10-02T09:43:34.092+09:00  INFO 2831284 --- [           main] c.v.demo.DbColumnMybatisDemoApplication  : Starting DbColumnMybatisDemoApplication using Java 25.0.4.1 with PID 2831284 (/home/vienna/Downloads/mybatis-dbcolumn-demo/build/classes/java/main started by vienna in /home/vienna/Downloads/mybatis-dbcolumn-demo)
2026-10-02T09:43:34.095+09:00  INFO 2831284 --- [           main] c.v.demo.DbColumnMybatisDemoApplication  : No active profile set, falling back to 1 default profile: "default"
2026-10-02T09:43:34.613+09:00  INFO 2831284 --- [           main] o.s.boot.tomcat.TomcatWebServer          : Tomcat initialized with port 8080 (http)
2026-10-02T09:43:34.621+09:00  INFO 2831284 --- [           main] o.apache.catalina.core.StandardService   : Starting service [Tomcat]
2026-10-02T09:43:34.622+09:00  INFO 2831284 --- [           main] o.apache.catalina.core.StandardEngine    : Starting Servlet engine: [Apache Tomcat/11.0.22]
2026-10-02T09:43:34.645+09:00  INFO 2831284 --- [           main] b.w.c.s.WebApplicationContextInitializer : Root WebApplicationContext: initialization completed in 518 ms
2026-10-02T09:43:34.706+09:00  INFO 2831284 --- [           main] com.zaxxer.hikari.HikariDataSource       : HikariPool-1 - Starting...
2026-10-02T09:43:34.799+09:00  INFO 2831284 --- [           main] com.zaxxer.hikari.pool.HikariPool        : HikariPool-1 - Added connection conn0: url=jdbc:h2:mem:testdb user=SA
2026-10-02T09:43:34.800+09:00  INFO 2831284 --- [           main] com.zaxxer.hikari.HikariDataSource       : HikariPool-1 - Start completed.
2026-10-02T09:43:35.094+09:00  INFO 2831284 --- [           main] o.s.b.h.a.H2ConsoleAutoConfiguration     : H2 console available at '/h2-console'. Database available at 'jdbc:h2:mem:testdb'
2026-10-02T09:43:35.121+09:00  INFO 2831284 --- [           main] o.s.boot.tomcat.TomcatWebServer          : Tomcat started on port 8080 (http) with context path '/'
2026-10-02T09:43:35.125+09:00  INFO 2831284 --- [           main] c.v.demo.DbColumnMybatisDemoApplication  : Started DbColumnMybatisDemoApplication in 1.265 seconds (process running for 1.432)
thread 37: client disconnection detected, canceling the build

FAILURE: Build failed with an exception.

* What went wrong:
Execution failed for task ':bootRun' (registered by plugin 'org.springframework.boot').
> Build cancelled while executing task ':bootRun'

* Try:
> Run with --stacktrace option to get the stack trace.
> Run with --info or --debug option to get more log output.
> Run with --scan to get full insights from a Build Scan (powered by Develocity).
> Get more help at https://help.gradle.org.

BUILD FAILED in 1m 5s
4 actionable tasks: 4 executed
2026-10-02T09:44:10.346+0900 [DEBUG] [org.gradle.launcher.daemon.server.exec.ExecuteBuild] The daemon has finished executing the build.
2026-10-02T09:44:10.348+0900 [DEBUG] [org.gradle.launcher.daemon.server.DaemonStateCoordinator] Cancel: daemon is busy, sleeping until state changes.
2026-10-02T09:44:10.348+0900 [DEBUG] [org.gradle.launcher.daemon.server.DaemonStateCoordinator] Command execution: finished waiting for DaemonCommandExecution[command = Build{id=65ec0059-52f2-4e56-b2ed-95ffcee13a2b, currentDir=/home/vienna/Downloads/mybatis-dbcolumn-demo}, connection = DefaultDaemonConnection: socket connection from /127.0.0.1:41611 to /127.0.0.1:48600]. Result org.gradle.launcher.daemon.server.DaemonStateCoordinator@41f2862f with state Canceled
2026-10-02T09:44:10.348+0900 [DEBUG] [org.gradle.launcher.daemon.server.DaemonStateCoordinator] Command execution: completed DaemonCommandExecution[command = Build{id=65ec0059-52f2-4e56-b2ed-95ffcee13a2b, currentDir=/home/vienna/Downloads/mybatis-dbcolumn-demo}, connection = DefaultDaemonConnection: socket connection from /127.0.0.1:41611 to /127.0.0.1:48600]
2026-10-02T09:44:10.348+0900 [DEBUG] [org.gradle.launcher.daemon.server.DaemonStateCoordinator] resetting idle timer
2026-10-02T09:44:10.348+0900 [INFO] [org.gradle.launcher.daemon.server.DaemonRegistryUpdater] Marking the daemon as idle, address: [7a8b821c-fbe7-492d-b283-722b424650c7 port:41611, addresses:[localhost/127.0.0.1]]
2026-10-02T09:44:10.348+0900 [DEBUG] [org.gradle.launcher.daemon.registry.PersistentDaemonRegistry] Marking busy by address: [7a8b821c-fbe7-492d-b283-722b424650c7 port:41611, addresses:[localhost/127.0.0.1]]
2026-10-02T09:44:10.349+0900 [DEBUG] [org.gradle.cache.internal.DefaultFileLockManager] Waiting to acquire exclusive lock on daemon addresses registry.
2026-10-02T09:44:10.349+0900 [DEBUG] [org.gradle.cache.internal.DefaultFileLockManager] Lock acquired on daemon addresses registry.
2026-10-02T09:44:10.349+0900 [DEBUG] [org.gradle.cache.internal.DefaultFileLockManager] Releasing lock on daemon addresses registry.
2026-10-02T09:44:10.349+0900 [DEBUG] [org.gradle.launcher.daemon.server.DaemonStateCoordinator] Cancel: daemon is idle now.
2026-10-02T09:44:10.349+0900 [DEBUG] [org.gradle.launcher.daemon.server.exec.ReturnResult] Daemon is dispatching the build result: Success[value=org.gradle.launcher.exec.BuildActionResult@51ed06]
2026-10-02T09:44:10.349+0900 [DEBUG] [org.gradle.launcher.daemon.server.DaemonStateCoordinator] daemon is running. Sleeping until state changes.
2026-10-02T09:44:10.350+0900 [DEBUG] [org.gradle.launcher.daemon.server.SynchronizedDispatchConnection] thread 36: dispatching Success[value=org.gradle.launcher.exec.BuildActionResult@51ed06]
2026-10-02T09:44:10.353+0900 [DEBUG] [org.gradle.launcher.daemon.server.exec.CleanUpVirtualFileSystemAfterBuild] Cleaning virtual file system after build finished
2026-10-02T09:44:10.353+0900 [WARN] [org.gradle.launcher.daemon.server.DefaultIncomingConnectionHandler] Unable to execute command Build{id=65ec0059-52f2-4e56-b2ed-95ffcee13a2b, currentDir=/home/vienna/Downloads/mybatis-dbcolumn-demo} from socket connection from /127.0.0.1:41611 to /127.0.0.1:48600. Dispatching the failure to the daemon client
org.gradle.internal.remote.internal.MessageIOException: Could not write message Success[value=org.gradle.launcher.exec.BuildActionResult@51ed06] to '/127.0.0.1:48600'.
	at org.gradle.internal.remote.internal.inet.SocketConnection.dispatch(SocketConnection.java:132)
	at org.gradle.launcher.daemon.server.SynchronizedDispatchConnection.dispatchAndFlush(SynchronizedDispatchConnection.java:56)
	at org.gradle.launcher.daemon.server.DefaultDaemonConnection.completed(DefaultDaemonConnection.java:150)
	at org.gradle.launcher.daemon.server.exec.ReturnResult.execute(ReturnResult.java:41)
	at org.gradle.launcher.daemon.server.api.DaemonCommandExecution.proceed(DaemonCommandExecution.java:104)
	at org.gradle.launcher.daemon.server.exec.CleanUpVirtualFileSystemAfterBuild.doBuild(CleanUpVirtualFileSystemAfterBuild.java:58)
	at org.gradle.launcher.daemon.server.exec.BuildCommandOnly.execute(BuildCommandOnly.java:37)
	at org.gradle.launcher.daemon.server.api.DaemonCommandExecution.proceed(DaemonCommandExecution.java:104)
	at org.gradle.launcher.daemon.server.api.HandleReportStatus.execute(HandleReportStatus.java:35)
	at org.gradle.launcher.daemon.server.api.DaemonCommandExecution.proceed(DaemonCommandExecution.java:104)
	at org.gradle.launcher.daemon.server.exec.HandleCancel.execute(HandleCancel.java:39)
	at org.gradle.launcher.daemon.server.api.DaemonCommandExecution.proceed(DaemonCommandExecution.java:104)
	at org.gradle.launcher.daemon.server.api.HandleInvalidateVirtualFileSystem.execute(HandleInvalidateVirtualFileSystem.java:46)
	at org.gradle.launcher.daemon.server.api.DaemonCommandExecution.proceed(DaemonCommandExecution.java:104)
	at org.gradle.launcher.daemon.server.api.HandleStop.execute(HandleStop.java:46)
	at org.gradle.launcher.daemon.server.api.DaemonCommandExecution.proceed(DaemonCommandExecution.java:104)
	at org.gradle.launcher.daemon.server.exec.DaemonCommandExecuter.executeCommand(DaemonCommandExecuter.java:55)
	at org.gradle.launcher.daemon.server.DefaultIncomingConnectionHandler$ConnectionWorker.handleCommand(DefaultIncomingConnectionHandler.java:161)
	at org.gradle.launcher.daemon.server.DefaultIncomingConnectionHandler$ConnectionWorker.receiveAndHandleCommand(DefaultIncomingConnectionHandler.java:134)
	at org.gradle.launcher.daemon.server.DefaultIncomingConnectionHandler$ConnectionWorker.run(DefaultIncomingConnectionHandler.java:122)
	at org.gradle.internal.concurrent.ExecutorPolicy$CatchAndRecordFailures.onExecute(ExecutorPolicy.java:64)
	at org.gradle.internal.concurrent.AbstractManagedExecutor$1.run(AbstractManagedExecutor.java:47)
	at java.base/java.util.concurrent.ThreadPoolExecutor.runWorker(ThreadPoolExecutor.java:1090)
	at java.base/java.util.concurrent.ThreadPoolExecutor$Worker.run(ThreadPoolExecutor.java:614)
	at java.base/java.lang.Thread.run(Thread.java:1474)
Caused by: com.esotericsoftware.kryo.KryoException: java.io.IOException: Broken pipe
	at com.esotericsoftware.kryo.io.Output.flush(Output.java:165)
	at com.esotericsoftware.kryo.io.Output.require(Output.java:142)
	at com.esotericsoftware.kryo.io.Output.writeBytes(Output.java:228)
	at org.gradle.internal.serialize.kryo.KryoBackedEncoder.writeBytes(KryoBackedEncoder.java:49)
	at org.gradle.internal.serialize.AbstractEncoder$EncoderStream.write(AbstractEncoder.java:94)
	at java.base/java.io.ObjectOutputStream$BlockDataOutputStream.drain(ObjectOutputStream.java:1765)
	at java.base/java.io.ObjectOutputStream$BlockDataOutputStream.setBlockDataMode(ObjectOutputStream.java:1674)
	at java.base/java.io.ObjectOutputStream.writeObject0(ObjectOutputStream.java:1090)
	at java.base/java.io.ObjectOutputStream.writeObject(ObjectOutputStream.java:325)
	at org.gradle.internal.serialize.DefaultSerializer.write(DefaultSerializer.java:56)
	at org.gradle.tooling.internal.provider.serialization.SerializedPayloadSerializer.write(SerializedPayloadSerializer.java:32)
	at org.gradle.tooling.internal.provider.serialization.SerializedPayloadSerializer.write(SerializedPayloadSerializer.java:27)
	at org.gradle.launcher.daemon.protocol.DaemonMessageSerializer$SuccessSerializer.write(DaemonMessageSerializer.java:106)
	at org.gradle.launcher.daemon.protocol.DaemonMessageSerializer$SuccessSerializer.write(DaemonMessageSerializer.java:82)
	at org.gradle.internal.serialize.DefaultSerializerRegistry$TaggedTypeSerializer.write(DefaultSerializerRegistry.java:171)
	at org.gradle.internal.serialize.Serializers$StatefulSerializerAdapter$2.write(Serializers.java:46)
	at org.gradle.internal.remote.internal.inet.SocketConnection.dispatch(SocketConnection.java:124)
	... 24 more
Caused by: java.io.IOException: Broken pipe
	at java.base/sun.nio.ch.SocketDispatcher.write0(Native Method)
	at java.base/sun.nio.ch.SocketDispatcher.write(SocketDispatcher.java:65)
	at java.base/sun.nio.ch.IOUtil.writeFromNativeBuffer(IOUtil.java:137)
	at java.base/sun.nio.ch.IOUtil.write(IOUtil.java:81)
	at java.base/sun.nio.ch.IOUtil.write(IOUtil.java:58)
	at java.base/sun.nio.ch.SocketChannelImpl.implWrite(SocketChannelImpl.java:562)
	at java.base/sun.nio.ch.SocketChannelImpl.write(SocketChannelImpl.java:614)
	at org.gradle.internal.remote.internal.inet.SocketConnection$SocketOutputStream.writeWithNonBlockingRetry(SocketConnection.java:282)
	at org.gradle.internal.remote.internal.inet.SocketConnection$SocketOutputStream.writeBufferToChannel(SocketConnection.java:269)
	at org.gradle.internal.remote.internal.inet.SocketConnection$SocketOutputStream.write(SocketConnection.java:255)
	at com.esotericsoftware.kryo.io.Output.flush(Output.java:163)
	... 40 more
2026-10-02T09:44:10.354+0900 [DEBUG] [org.gradle.launcher.daemon.server.SynchronizedDispatchConnection] thread 36: dispatching Failure[value=org.gradle.internal.remote.internal.MessageIOException: Could not write message Success[value=org.gradle.launcher.exec.BuildActionResult@51ed06] to '/127.0.0.1:48600'.]
2026-10-02T09:44:10.355+0900 [DEBUG] [org.gradle.launcher.daemon.server.DefaultIncomingConnectionHandler] Finishing executing command: Build{id=65ec0059-52f2-4e56-b2ed-95ffcee13a2b, currentDir=/home/vienna/Downloads/mybatis-dbcolumn-demo}
2026-10-02T09:44:10.355+0900 [DEBUG] [org.gradle.launcher.daemon.server.SynchronizedDispatchConnection] thread 36: stopping connection
2026-10-02T09:44:10.356+0900 [DEBUG] [org.gradle.launcher.daemon.server.SynchronizedDispatchConnection] thread 36: stopping connection
2026-10-02T09:44:15.356+0900 [DEBUG] [org.gradle.launcher.daemon.server.Daemon] Starting periodic daemon health check.
2026-10-02T09:44:15.357+0900 [DEBUG] [org.gradle.cache.internal.DefaultFileLockManager] Waiting to acquire shared lock on daemon addresses registry.
2026-10-02T09:44:15.357+0900 [DEBUG] [org.gradle.cache.internal.DefaultFileLockManager] Lock acquired on daemon addresses registry.
2026-10-02T09:44:15.358+0900 [DEBUG] [org.gradle.cache.internal.DefaultFileLockManager] Releasing lock on daemon addresses registry.
2026-10-02T09:44:15.359+0900 [DEBUG] [org.gradle.cache.internal.DefaultFileLockManager] Waiting to acquire shared lock on daemon addresses registry.
2026-10-02T09:44:15.359+0900 [DEBUG] [org.gradle.cache.internal.DefaultFileLockManager] Lock acquired on daemon addresses registry.
2026-10-02T09:44:15.360+0900 [DEBUG] [org.gradle.cache.internal.DefaultFileLockManager] Releasing lock on daemon addresses registry.
2026-10-02T09:44:15.360+0900 [DEBUG] [org.gradle.launcher.daemon.server.Daemon] Finished periodic daemon health check.
2026-10-02T09:44:20.927+0900 [DEBUG] [org.gradle.internal.remote.internal.inet.TcpIncomingConnector] Accepted connection from /127.0.0.1:43504 to /127.0.0.1:41611.
2026-10-02T09:44:20.935+0900 [DEBUG] [org.gradle.launcher.daemon.server.SynchronizedDispatchConnection] thread 153: received class org.gradle.launcher.daemon.protocol.Build
2026-10-02T09:44:20.936+0900 [DEBUG] [org.gradle.launcher.daemon.server.DefaultDaemonConnection] thread 153: Received non-IO message from client: Build{id=2f92a4d0-3e50-4f3b-8c8e-95ea5cf62f4f, currentDir=/home/vienna/Downloads/mybatis-dbcolumn-demo}
2026-10-02T09:44:20.936+0900 [INFO] [org.gradle.launcher.daemon.server.DefaultIncomingConnectionHandler] Received command: Build{id=2f92a4d0-3e50-4f3b-8c8e-95ea5cf62f4f, currentDir=/home/vienna/Downloads/mybatis-dbcolumn-demo}.
2026-10-02T09:44:20.936+0900 [DEBUG] [org.gradle.launcher.daemon.server.DefaultIncomingConnectionHandler] Starting executing command: Build{id=2f92a4d0-3e50-4f3b-8c8e-95ea5cf62f4f, currentDir=/home/vienna/Downloads/mybatis-dbcolumn-demo} with connection: socket connection from /127.0.0.1:41611 to /127.0.0.1:43504.
2026-10-02T09:44:20.936+0900 [DEBUG] [org.gradle.launcher.daemon.server.DaemonStateCoordinator] Command execution: started DaemonCommandExecution[command = Build{id=2f92a4d0-3e50-4f3b-8c8e-95ea5cf62f4f, currentDir=/home/vienna/Downloads/mybatis-dbcolumn-demo}, connection = DefaultDaemonConnection: socket connection from /127.0.0.1:41611 to /127.0.0.1:43504] after 0.17645 minutes of idle
2026-10-02T09:44:20.936+0900 [INFO] [org.gradle.launcher.daemon.server.DaemonRegistryUpdater] Marking the daemon as busy, address: [7a8b821c-fbe7-492d-b283-722b424650c7 port:41611, addresses:[localhost/127.0.0.1]]
2026-10-02T09:44:20.936+0900 [DEBUG] [org.gradle.launcher.daemon.registry.PersistentDaemonRegistry] Marking busy by address: [7a8b821c-fbe7-492d-b283-722b424650c7 port:41611, addresses:[localhost/127.0.0.1]]
2026-10-02T09:44:20.936+0900 [DEBUG] [org.gradle.cache.internal.DefaultFileLockManager] Waiting to acquire exclusive lock on daemon addresses registry.
2026-10-02T09:44:20.937+0900 [DEBUG] [org.gradle.cache.internal.DefaultFileLockManager] Lock acquired on daemon addresses registry.
2026-10-02T09:44:20.937+0900 [DEBUG] [org.gradle.cache.internal.DefaultFileLockManager] Releasing lock on daemon addresses registry.
2026-10-02T09:44:20.937+0900 [DEBUG] [org.gradle.launcher.daemon.server.DaemonStateCoordinator] resetting idle timer
2026-10-02T09:44:20.937+0900 [INFO] [org.gradle.launcher.daemon.server.exec.StartBuildOrRespondWithBusy] Daemon is about to start building Build{id=2f92a4d0-3e50-4f3b-8c8e-95ea5cf62f4f, currentDir=/home/vienna/Downloads/mybatis-dbcolumn-demo}. Dispatching build started information...
2026-10-02T09:44:20.937+0900 [DEBUG] [org.gradle.launcher.daemon.server.DaemonStateCoordinator] daemon is running. Sleeping until state changes.
2026-10-02T09:44:20.937+0900 [DEBUG] [org.gradle.launcher.daemon.server.SynchronizedDispatchConnection] thread 39: dispatching org.gradle.launcher.daemon.protocol.BuildStarted@6fc77313
2026-10-02T09:44:20.938+0900 [DEBUG] [org.gradle.launcher.daemon.server.exec.LogToClient] About to start relaying all logs to the client via the connection.
2026-10-02T09:44:20.938+0900 [INFO] [org.gradle.launcher.daemon.server.exec.LogToClient] The client will now receive all logging from the daemon (pid: 2830097). The daemon log file: /home/vienna/.gradle/daemon/9.6.1/daemon-2830097.out.log
2026-10-02T09:44:20.938+0900 [DEBUG] [org.gradle.launcher.daemon.server.exec.ApplyClientEnvironmentVariables] Configuring env variables: [PATH, XAUTHORITY, INVOCATION_ID, XMODIFIERS, ZDOTDIR, XDG_DATA_DIRS, GDMSESSION, DBUS_SESSION_BUS_ADDRESS, VSCODE_GIT_IPC_HANDLE, VSCODE_PYTHON_AUTOACTIVATE_GUARD, PNPM_HOME, XDG_CURRENT_DESKTOP, COPILOT_DEBUG_NONCE, VSCODE_INJECTION, COLORTERM, MANAGERPIDFDID, P9K_TTY, PTYXIS_VERSION, USERNAME, LOGNAME, VSCODE_GIT_ASKPASS_NODE, TERM_PROGRAM_VERSION, MANAGERPID, PWD, GIT_ASKPASS, NVM_CD_FLAGS, SHELL, CHROME_DESKTOP, PAGER, OLDPWD, ZSH, CLAUDE_CODE_SSE_PORT, P9K_SSH, GNOME_DESKTOP_SESSION_ID, GTK_MODULES, DBUS_STARTER_ADDRESS, LESS, SYSTEMD_EXEC_PID, LS_COLORS, XDG_SESSION_DESKTOP, GNOME_SETUP_DISPLAY, SHLVL, QT_IM_MODULES, MEMORY_PRESSURE_WRITE, _P9K_SSH_TTY, QT_IM_MODULE, MEMORY_PRESSURE_WATCH, XDG_SESSION_EXTRA_DEVICE_ACCESS, TERM, EGL_PLATFORM, LANG, _P9K_TTY, XDG_SESSION_TYPE, FLATPAK_TTY_PROGRESS, VSCODE_GIT_ASKPASS_MAIN, DISPLAY, NVM_INC, WAYLAND_DISPLAY, FC_FONTATIONS, VSCODE_GIT_ASKPASS_EXTRA_ARGS, XDG_SESSION_CLASS, _, NVM_DIR, VSCODE_JDWP_ADAPTER_ENDPOINTS, TERM_PROGRAM, GDK_BACKEND, LSCOLORS, USER_ZDOTDIR, GPG_AGENT_INFO, DESKTOP_SESSION, USER, XDG_MENU_PREFIX, GIO_LAUNCHED_DESKTOP_FILE_PID, VSCODE_NONCE, PTYXIS_PROFILE, QT_ACCESSIBILITY, VTE_VERSION, SSH_AUTH_SOCK, NO_AT_BRIDGE, XDG_RUNTIME_DIR, NVM_BIN, HOME, DBUS_STARTER_BUS_TYPE, VSCODE_JAVA_EXEC]
2026-10-02T09:44:20.939+0900 [INFO] [org.gradle.launcher.daemon.server.exec.LogAndCheckHealth] Starting 2nd build in daemon [uptime: 1 mins 15.698 secs, performance: 100%, GC rate: 0.00/s, heap usage: 2% of 512 MiB, non-heap usage: 20% of 384 MiB]
2026-10-02T09:44:20.940+0900 [DEBUG] [org.gradle.launcher.daemon.server.exec.ExecuteBuild] The daemon has started executing the build.
2026-10-02T09:44:20.940+0900 [DEBUG] [org.gradle.launcher.daemon.server.exec.ExecuteBuild] Executing build with daemon context: DefaultDaemonContext[uid=f98f27c5-4a8d-4379-b87a-797ad4734170,javaHome=/usr/lib/jvm/java-25-openjdk-amd64,javaVersion=25,javaVendor=Ubuntu,daemonRegistryDir=/home/vienna/.gradle/daemon,pid=2830097,idleTimeout=10800000,priority=NORMAL,applyInstrumentationAgent=true,nativeServicesMode=ENABLED,daemonOpts=-XX:MaxMetaspaceSize=384m,-XX:+HeapDumpOnOutOfMemoryError,-Xms256m,-Xmx512m,-Dfile.encoding=UTF-8,-Duser.country=US,-Duser.language=en,-Duser.variant]
OpenJDK 64-Bit Server VM warning: Sharing is only supported for boot loader classes because bootstrap classpath has been appended
2026-10-02T09:44:32.399+09:00  INFO 2833391 --- [ionShutdownHook] com.zaxxer.hikari.HikariDataSource       : HikariPool-1 - Shutdown initiated...
2026-10-02T09:44:32.401+09:00  INFO 2833391 --- [ionShutdownHook] com.zaxxer.hikari.HikariDataSource       : HikariPool-1 - Shutdown completed.

BUILD SUCCESSFUL in 12s
8 actionable tasks: 8 executed
Consider enabling configuration cache to speed up this build: https://docs.gradle.org/9.6.1/userguide/configuration_cache_enabling.html
2026-10-02T09:44:32.518+0900 [DEBUG] [org.gradle.launcher.daemon.server.exec.ExecuteBuild] The daemon has finished executing the build.
2026-10-02T09:44:32.529+0900 [DEBUG] [org.gradle.launcher.daemon.server.DaemonStateCoordinator] Command execution: finished waiting for DaemonCommandExecution[command = Build{id=2f92a4d0-3e50-4f3b-8c8e-95ea5cf62f4f, currentDir=/home/vienna/Downloads/mybatis-dbcolumn-demo}, connection = DefaultDaemonConnection: socket connection from /127.0.0.1:41611 to /127.0.0.1:43504]. Result org.gradle.launcher.daemon.server.DaemonStateCoordinator@41f2862f with state Busy
2026-10-02T09:44:32.529+0900 [DEBUG] [org.gradle.launcher.daemon.server.DaemonStateCoordinator] Command execution: completed DaemonCommandExecution[command = Build{id=2f92a4d0-3e50-4f3b-8c8e-95ea5cf62f4f, currentDir=/home/vienna/Downloads/mybatis-dbcolumn-demo}, connection = DefaultDaemonConnection: socket connection from /127.0.0.1:41611 to /127.0.0.1:43504]
2026-10-02T09:44:32.529+0900 [DEBUG] [org.gradle.launcher.daemon.server.DaemonStateCoordinator] resetting idle timer
2026-10-02T09:44:32.529+0900 [INFO] [org.gradle.launcher.daemon.server.DaemonRegistryUpdater] Marking the daemon as idle, address: [7a8b821c-fbe7-492d-b283-722b424650c7 port:41611, addresses:[localhost/127.0.0.1]]
2026-10-02T09:44:32.529+0900 [DEBUG] [org.gradle.launcher.daemon.registry.PersistentDaemonRegistry] Marking busy by address: [7a8b821c-fbe7-492d-b283-722b424650c7 port:41611, addresses:[localhost/127.0.0.1]]
2026-10-02T09:44:32.529+0900 [DEBUG] [org.gradle.cache.internal.DefaultFileLockManager] Waiting to acquire exclusive lock on daemon addresses registry.
2026-10-02T09:44:32.529+0900 [DEBUG] [org.gradle.cache.internal.DefaultFileLockManager] Lock acquired on daemon addresses registry.
2026-10-02T09:44:32.530+0900 [DEBUG] [org.gradle.cache.internal.DefaultFileLockManager] Releasing lock on daemon addresses registry.
2026-10-02T09:44:32.530+0900 [DEBUG] [org.gradle.launcher.daemon.server.exec.ReturnResult] Daemon is dispatching the build result: Success[value=org.gradle.launcher.exec.BuildActionResult@39baf8aa]
2026-10-02T09:44:32.530+0900 [DEBUG] [org.gradle.launcher.daemon.server.DaemonStateCoordinator] daemon is running. Sleeping until state changes.
2026-10-02T09:44:32.530+0900 [DEBUG] [org.gradle.launcher.daemon.server.SynchronizedDispatchConnection] thread 36: dispatching Success[value=org.gradle.launcher.exec.BuildActionResult@39baf8aa]
2026-10-02T09:44:32.530+0900 [DEBUG] [org.gradle.launcher.daemon.server.exec.CleanUpVirtualFileSystemAfterBuild] Cleaning virtual file system after build finished
2026-10-02T09:44:32.530+0900 [DEBUG] [org.gradle.launcher.daemon.server.DefaultIncomingConnectionHandler] Finishing executing command: Build{id=2f92a4d0-3e50-4f3b-8c8e-95ea5cf62f4f, currentDir=/home/vienna/Downloads/mybatis-dbcolumn-demo}
2026-10-02T09:44:32.531+0900 [DEBUG] [org.gradle.launcher.daemon.server.SynchronizedDispatchConnection] thread 153: received class org.gradle.launcher.daemon.protocol.CloseInput
2026-10-02T09:44:32.531+0900 [DEBUG] [org.gradle.launcher.daemon.server.DefaultDaemonConnection] thread 153: Received IO message from client: org.gradle.launcher.daemon.protocol.CloseInput@22f73153
2026-10-02T09:44:32.531+0900 [DEBUG] [org.gradle.launcher.daemon.server.SynchronizedDispatchConnection] thread 153: received class org.gradle.launcher.daemon.protocol.Finished
2026-10-02T09:44:32.532+0900 [DEBUG] [org.gradle.launcher.daemon.server.DefaultDaemonConnection] thread 153: Received non-IO message from client: org.gradle.launcher.daemon.protocol.Finished@2c30cb7d
2026-10-02T09:44:32.532+0900 [DEBUG] [org.gradle.launcher.daemon.server.DefaultIncomingConnectionHandler] Received finished message: org.gradle.launcher.daemon.protocol.Finished@2c30cb7d
2026-10-02T09:44:32.532+0900 [DEBUG] [org.gradle.internal.remote.internal.inet.SocketConnection] Discarding EOFException: java.io.EOFException
2026-10-02T09:44:32.532+0900 [DEBUG] [org.gradle.launcher.daemon.server.SynchronizedDispatchConnection] thread 153: received null
2026-10-02T09:44:32.532+0900 [DEBUG] [org.gradle.launcher.daemon.server.SynchronizedDispatchConnection] thread 36: stopping connection
2026-10-02T09:44:32.532+0900 [DEBUG] [org.gradle.launcher.daemon.server.DefaultDaemonConnection] thread 153: Received end-of-input from client.
2026-10-02T09:44:32.532+0900 [DEBUG] [org.gradle.launcher.daemon.server.SynchronizedDispatchConnection] thread 36: stopping connection
2026-10-02T09:44:35.356+0900 [DEBUG] [org.gradle.launcher.daemon.server.Daemon] Starting periodic daemon health check.
2026-10-02T09:44:35.357+0900 [DEBUG] [org.gradle.cache.internal.DefaultFileLockManager] Waiting to acquire shared lock on daemon addresses registry.
2026-10-02T09:44:35.357+0900 [DEBUG] [org.gradle.cache.internal.DefaultFileLockManager] Lock acquired on daemon addresses registry.
2026-10-02T09:44:35.358+0900 [DEBUG] [org.gradle.cache.internal.DefaultFileLockManager] Releasing lock on daemon addresses registry.
2026-10-02T09:44:35.358+0900 [DEBUG] [org.gradle.cache.internal.DefaultFileLockManager] Waiting to acquire shared lock on daemon addresses registry.
2026-10-02T09:44:35.359+0900 [DEBUG] [org.gradle.cache.internal.DefaultFileLockManager] Lock acquired on daemon addresses registry.
2026-10-02T09:44:35.359+0900 [DEBUG] [org.gradle.cache.internal.DefaultFileLockManager] Releasing lock on daemon addresses registry.
2026-10-02T09:44:35.359+0900 [DEBUG] [org.gradle.launcher.daemon.server.Daemon] Finished periodic daemon health check.
2026-10-02T09:44:37.219+0900 [DEBUG] [org.gradle.internal.remote.internal.inet.TcpIncomingConnector] Accepted connection from /127.0.0.1:37464 to /127.0.0.1:41611.
2026-10-02T09:44:37.225+0900 [DEBUG] [org.gradle.launcher.daemon.server.SynchronizedDispatchConnection] thread 215: received class org.gradle.launcher.daemon.protocol.Build
2026-10-02T09:44:37.225+0900 [DEBUG] [org.gradle.launcher.daemon.server.DefaultDaemonConnection] thread 215: Received non-IO message from client: Build{id=46ee3e9c-81c7-4e38-bd33-abd5cee49f51, currentDir=/home/vienna/Downloads/mybatis-dbcolumn-demo}
2026-10-02T09:44:37.225+0900 [INFO] [org.gradle.launcher.daemon.server.DefaultIncomingConnectionHandler] Received command: Build{id=46ee3e9c-81c7-4e38-bd33-abd5cee49f51, currentDir=/home/vienna/Downloads/mybatis-dbcolumn-demo}.
2026-10-02T09:44:37.225+0900 [DEBUG] [org.gradle.launcher.daemon.server.DefaultIncomingConnectionHandler] Starting executing command: Build{id=46ee3e9c-81c7-4e38-bd33-abd5cee49f51, currentDir=/home/vienna/Downloads/mybatis-dbcolumn-demo} with connection: socket connection from /127.0.0.1:41611 to /127.0.0.1:37464.
2026-10-02T09:44:37.225+0900 [DEBUG] [org.gradle.launcher.daemon.server.DaemonStateCoordinator] Command execution: started DaemonCommandExecution[command = Build{id=46ee3e9c-81c7-4e38-bd33-abd5cee49f51, currentDir=/home/vienna/Downloads/mybatis-dbcolumn-demo}, connection = DefaultDaemonConnection: socket connection from /127.0.0.1:41611 to /127.0.0.1:37464] after 0.07826666666666666 minutes of idle
2026-10-02T09:44:37.226+0900 [INFO] [org.gradle.launcher.daemon.server.DaemonRegistryUpdater] Marking the daemon as busy, address: [7a8b821c-fbe7-492d-b283-722b424650c7 port:41611, addresses:[localhost/127.0.0.1]]
2026-10-02T09:44:37.226+0900 [DEBUG] [org.gradle.launcher.daemon.registry.PersistentDaemonRegistry] Marking busy by address: [7a8b821c-fbe7-492d-b283-722b424650c7 port:41611, addresses:[localhost/127.0.0.1]]
2026-10-02T09:44:37.226+0900 [DEBUG] [org.gradle.cache.internal.DefaultFileLockManager] Waiting to acquire exclusive lock on daemon addresses registry.
2026-10-02T09:44:37.226+0900 [DEBUG] [org.gradle.cache.internal.DefaultFileLockManager] Lock acquired on daemon addresses registry.
2026-10-02T09:44:37.226+0900 [DEBUG] [org.gradle.cache.internal.DefaultFileLockManager] Releasing lock on daemon addresses registry.
2026-10-02T09:44:37.226+0900 [DEBUG] [org.gradle.launcher.daemon.server.DaemonStateCoordinator] resetting idle timer
2026-10-02T09:44:37.226+0900 [DEBUG] [org.gradle.launcher.daemon.server.DaemonStateCoordinator] daemon is running. Sleeping until state changes.
2026-10-02T09:44:37.226+0900 [INFO] [org.gradle.launcher.daemon.server.exec.StartBuildOrRespondWithBusy] Daemon is about to start building Build{id=46ee3e9c-81c7-4e38-bd33-abd5cee49f51, currentDir=/home/vienna/Downloads/mybatis-dbcolumn-demo}. Dispatching build started information...
2026-10-02T09:44:37.226+0900 [DEBUG] [org.gradle.launcher.daemon.server.SynchronizedDispatchConnection] thread 39: dispatching org.gradle.launcher.daemon.protocol.BuildStarted@567b68dc
2026-10-02T09:44:37.227+0900 [DEBUG] [org.gradle.launcher.daemon.server.exec.LogToClient] About to start relaying all logs to the client via the connection.
2026-10-02T09:44:37.227+0900 [INFO] [org.gradle.launcher.daemon.server.exec.LogToClient] The client will now receive all logging from the daemon (pid: 2830097). The daemon log file: /home/vienna/.gradle/daemon/9.6.1/daemon-2830097.out.log
2026-10-02T09:44:37.227+0900 [DEBUG] [org.gradle.launcher.daemon.server.exec.ApplyClientEnvironmentVariables] Configuring env variables: [PATH, XAUTHORITY, INVOCATION_ID, XMODIFIERS, ZDOTDIR, XDG_DATA_DIRS, GDMSESSION, DBUS_SESSION_BUS_ADDRESS, VSCODE_GIT_IPC_HANDLE, VSCODE_PYTHON_AUTOACTIVATE_GUARD, PNPM_HOME, XDG_CURRENT_DESKTOP, COPILOT_DEBUG_NONCE, VSCODE_INJECTION, COLORTERM, MANAGERPIDFDID, P9K_TTY, PTYXIS_VERSION, USERNAME, LOGNAME, VSCODE_GIT_ASKPASS_NODE, TERM_PROGRAM_VERSION, MANAGERPID, PWD, GIT_ASKPASS, NVM_CD_FLAGS, SHELL, CHROME_DESKTOP, PAGER, OLDPWD, ZSH, CLAUDE_CODE_SSE_PORT, P9K_SSH, GNOME_DESKTOP_SESSION_ID, GTK_MODULES, DBUS_STARTER_ADDRESS, LESS, SYSTEMD_EXEC_PID, LS_COLORS, XDG_SESSION_DESKTOP, GNOME_SETUP_DISPLAY, SHLVL, QT_IM_MODULES, MEMORY_PRESSURE_WRITE, _P9K_SSH_TTY, QT_IM_MODULE, MEMORY_PRESSURE_WATCH, XDG_SESSION_EXTRA_DEVICE_ACCESS, TERM, EGL_PLATFORM, LANG, _P9K_TTY, XDG_SESSION_TYPE, FLATPAK_TTY_PROGRESS, VSCODE_GIT_ASKPASS_MAIN, DISPLAY, NVM_INC, WAYLAND_DISPLAY, FC_FONTATIONS, VSCODE_GIT_ASKPASS_EXTRA_ARGS, XDG_SESSION_CLASS, _, NVM_DIR, VSCODE_JDWP_ADAPTER_ENDPOINTS, TERM_PROGRAM, GDK_BACKEND, LSCOLORS, USER_ZDOTDIR, GPG_AGENT_INFO, DESKTOP_SESSION, USER, XDG_MENU_PREFIX, GIO_LAUNCHED_DESKTOP_FILE_PID, VSCODE_NONCE, PTYXIS_PROFILE, QT_ACCESSIBILITY, VTE_VERSION, SSH_AUTH_SOCK, NO_AT_BRIDGE, XDG_RUNTIME_DIR, NVM_BIN, HOME, DBUS_STARTER_BUS_TYPE, VSCODE_JAVA_EXEC]
2026-10-02T09:44:37.228+0900 [INFO] [org.gradle.launcher.daemon.server.exec.LogAndCheckHealth] Starting 3rd build in daemon [uptime: 1 mins 31.987 secs, performance: 100%, GC rate: 0.00/s, heap usage: 2% of 512 MiB, non-heap usage: 21% of 384 MiB]
2026-10-02T09:44:37.228+0900 [DEBUG] [org.gradle.launcher.daemon.server.exec.ExecuteBuild] The daemon has started executing the build.
2026-10-02T09:44:37.228+0900 [DEBUG] [org.gradle.launcher.daemon.server.exec.ExecuteBuild] Executing build with daemon context: DefaultDaemonContext[uid=f98f27c5-4a8d-4379-b87a-797ad4734170,javaHome=/usr/lib/jvm/java-25-openjdk-amd64,javaVersion=25,javaVendor=Ubuntu,daemonRegistryDir=/home/vienna/.gradle/daemon,pid=2830097,idleTimeout=10800000,priority=NORMAL,applyInstrumentationAgent=true,nativeServicesMode=ENABLED,daemonOpts=-XX:MaxMetaspaceSize=384m,-XX:+HeapDumpOnOutOfMemoryError,-Xms256m,-Xmx512m,-Dfile.encoding=UTF-8,-Duser.country=US,-Duser.language=en,-Duser.variant]

  .   ____          _            __ _ _
 /\\ / ___'_ __ _ _(_)_ __  __ _ \ \ \ \
( ( )\___ | '_ | '_| | '_ \/ _` | \ \ \ \
 \\/  ___)| |_)| | | | | || (_| |  ) ) ) )
  '  |____| .__|_| |_|_| |_\__, | / / / /
 =========|_|==============|___/=/_/_/_/

 :: Spring Boot ::                (v4.1.0)

2026-10-02T09:44:38.102+09:00  INFO 2833817 --- [           main] c.v.demo.DbColumnMybatisDemoApplication  : Starting DbColumnMybatisDemoApplication using Java 25.0.4.1 with PID 2833817 (/home/vienna/Downloads/mybatis-dbcolumn-demo/build/classes/java/main started by vienna in /home/vienna/Downloads/mybatis-dbcolumn-demo)
2026-10-02T09:44:38.104+09:00  INFO 2833817 --- [           main] c.v.demo.DbColumnMybatisDemoApplication  : No active profile set, falling back to 1 default profile: "default"
2026-10-02T09:44:38.630+09:00  INFO 2833817 --- [           main] o.s.boot.tomcat.TomcatWebServer          : Tomcat initialized with port 8080 (http)
2026-10-02T09:44:38.639+09:00  INFO 2833817 --- [           main] o.apache.catalina.core.StandardService   : Starting service [Tomcat]
2026-10-02T09:44:38.639+09:00  INFO 2833817 --- [           main] o.apache.catalina.core.StandardEngine    : Starting Servlet engine: [Apache Tomcat/11.0.22]
2026-10-02T09:44:38.660+09:00  INFO 2833817 --- [           main] b.w.c.s.WebApplicationContextInitializer : Root WebApplicationContext: initialization completed in 526 ms
2026-10-02T09:44:38.721+09:00  INFO 2833817 --- [           main] com.zaxxer.hikari.HikariDataSource       : HikariPool-1 - Starting...
2026-10-02T09:44:38.815+09:00  INFO 2833817 --- [           main] com.zaxxer.hikari.pool.HikariPool        : HikariPool-1 - Added connection conn0: url=jdbc:h2:mem:testdb user=SA
2026-10-02T09:44:38.816+09:00  INFO 2833817 --- [           main] com.zaxxer.hikari.HikariDataSource       : HikariPool-1 - Start completed.
2026-10-02T09:44:39.090+09:00  INFO 2833817 --- [           main] o.s.b.h.a.H2ConsoleAutoConfiguration     : H2 console available at '/h2-console'. Database available at 'jdbc:h2:mem:testdb'
2026-10-02T09:44:39.116+09:00  INFO 2833817 --- [           main] o.s.boot.tomcat.TomcatWebServer          : Tomcat started on port 8080 (http) with context path '/'
2026-10-02T09:44:39.120+09:00  INFO 2833817 --- [           main] c.v.demo.DbColumnMybatisDemoApplication  : Started DbColumnMybatisDemoApplication in 1.271 seconds (process running for 1.461)
2026-10-02T09:44:51.800+09:00  INFO 2833817 --- [nio-8080-exec-2] o.a.c.c.C.[Tomcat].[localhost].[/]       : Initializing Spring DispatcherServlet 'dispatcherServlet'
2026-10-02T09:44:51.800+09:00  INFO 2833817 --- [nio-8080-exec-2] o.s.web.servlet.DispatcherServlet        : Initializing Servlet 'dispatcherServlet'
2026-10-02T09:44:51.801+09:00  INFO 2833817 --- [nio-8080-exec-2] o.s.web.servlet.DispatcherServlet        : Completed initialization in 1 ms
thread 215: client disconnection detected, canceling the build

FAILURE: Build failed with an exception.

* What went wrong:
Execution failed for task ':bootRun' (registered by plugin 'org.springframework.boot').
> Build cancelled while executing task ':bootRun'

* Try:
> Run with --stacktrace option to get the stack trace.
> Run with --info or --debug option to get more log output.
> Run with --scan to get full insights from a Build Scan (powered by Develocity).
> Get more help at https://help.gradle.org.

BUILD FAILED in 24s
4 actionable tasks: 1 executed, 3 up-to-date
2026-10-02T09:45:01.469+0900 [DEBUG] [org.gradle.launcher.daemon.server.exec.ExecuteBuild] The daemon has finished executing the build.
2026-10-02T09:45:01.498+0900 [DEBUG] [org.gradle.process.internal.DefaultExecHandle] Changing state to: ABORTED
2026-10-02T09:45:01.498+0900 [DEBUG] [org.gradle.process.internal.DefaultExecHandle] Process 'command '/usr/lib/jvm/java-25-openjdk-amd64/bin/java'' finished with exit value 143 (state: ABORTED)
2026-10-02T09:45:01.498+0900 [DEBUG] [org.gradle.launcher.daemon.server.DaemonStateCoordinator] Cancel: daemon is busy, sleeping until state changes.
2026-10-02T09:45:01.498+0900 [DEBUG] [org.gradle.launcher.daemon.server.DaemonStateCoordinator] Cancel: daemon is busy, sleeping until state changes.
2026-10-02T09:45:01.498+0900 [DEBUG] [org.gradle.launcher.daemon.server.DaemonStateCoordinator] Command execution: finished waiting for DaemonCommandExecution[command = Build{id=46ee3e9c-81c7-4e38-bd33-abd5cee49f51, currentDir=/home/vienna/Downloads/mybatis-dbcolumn-demo}, connection = DefaultDaemonConnection: socket connection from /127.0.0.1:41611 to /127.0.0.1:37464]. Result org.gradle.launcher.daemon.server.DaemonStateCoordinator@41f2862f with state Canceled
2026-10-02T09:45:01.499+0900 [DEBUG] [org.gradle.launcher.daemon.server.DaemonStateCoordinator] Command execution: completed DaemonCommandExecution[command = Build{id=46ee3e9c-81c7-4e38-bd33-abd5cee49f51, currentDir=/home/vienna/Downloads/mybatis-dbcolumn-demo}, connection = DefaultDaemonConnection: socket connection from /127.0.0.1:41611 to /127.0.0.1:37464]
2026-10-02T09:45:01.499+0900 [DEBUG] [org.gradle.launcher.daemon.server.DaemonStateCoordinator] resetting idle timer
2026-10-02T09:45:01.499+0900 [INFO] [org.gradle.launcher.daemon.server.DaemonRegistryUpdater] Marking the daemon as idle, address: [7a8b821c-fbe7-492d-b283-722b424650c7 port:41611, addresses:[localhost/127.0.0.1]]
2026-10-02T09:45:01.499+0900 [DEBUG] [org.gradle.launcher.daemon.registry.PersistentDaemonRegistry] Marking busy by address: [7a8b821c-fbe7-492d-b283-722b424650c7 port:41611, addresses:[localhost/127.0.0.1]]
2026-10-02T09:45:01.499+0900 [DEBUG] [org.gradle.cache.internal.DefaultFileLockManager] Waiting to acquire exclusive lock on daemon addresses registry.
2026-10-02T09:45:01.499+0900 [DEBUG] [org.gradle.cache.internal.DefaultFileLockManager] Lock acquired on daemon addresses registry.
2026-10-02T09:45:01.499+0900 [DEBUG] [org.gradle.cache.internal.DefaultFileLockManager] Releasing lock on daemon addresses registry.
2026-10-02T09:45:01.500+0900 [DEBUG] [org.gradle.launcher.daemon.server.exec.ReturnResult] Daemon is dispatching the build result: Success[value=org.gradle.launcher.exec.BuildActionResult@528d9cb]
2026-10-02T09:45:01.500+0900 [DEBUG] [org.gradle.launcher.daemon.server.SynchronizedDispatchConnection] thread 36: dispatching Success[value=org.gradle.launcher.exec.BuildActionResult@528d9cb]
2026-10-02T09:45:01.501+0900 [DEBUG] [org.gradle.launcher.daemon.server.DaemonStateCoordinator] Cancel: daemon is idle now.
2026-10-02T09:45:01.501+0900 [DEBUG] [org.gradle.launcher.daemon.server.DaemonStateCoordinator] daemon is running. Sleeping until state changes.
2026-10-02T09:45:01.501+0900 [DEBUG] [org.gradle.launcher.daemon.server.exec.CleanUpVirtualFileSystemAfterBuild] Cleaning virtual file system after build finished
2026-10-02T09:45:01.504+0900 [WARN] [org.gradle.launcher.daemon.server.DefaultIncomingConnectionHandler] Unable to execute command Build{id=46ee3e9c-81c7-4e38-bd33-abd5cee49f51, currentDir=/home/vienna/Downloads/mybatis-dbcolumn-demo} from socket connection from /127.0.0.1:41611 to /127.0.0.1:37464. Dispatching the failure to the daemon client
org.gradle.internal.remote.internal.MessageIOException: Could not write message Success[value=org.gradle.launcher.exec.BuildActionResult@528d9cb] to '/127.0.0.1:37464'.
	at org.gradle.internal.remote.internal.inet.SocketConnection.dispatch(SocketConnection.java:132)
	at org.gradle.launcher.daemon.server.SynchronizedDispatchConnection.dispatchAndFlush(SynchronizedDispatchConnection.java:56)
	at org.gradle.launcher.daemon.server.DefaultDaemonConnection.completed(DefaultDaemonConnection.java:150)
	at org.gradle.launcher.daemon.server.exec.ReturnResult.execute(ReturnResult.java:41)
	at org.gradle.launcher.daemon.server.api.DaemonCommandExecution.proceed(DaemonCommandExecution.java:104)
	at org.gradle.launcher.daemon.server.exec.CleanUpVirtualFileSystemAfterBuild.doBuild(CleanUpVirtualFileSystemAfterBuild.java:58)
	at org.gradle.launcher.daemon.server.exec.BuildCommandOnly.execute(BuildCommandOnly.java:37)
	at org.gradle.launcher.daemon.server.api.DaemonCommandExecution.proceed(DaemonCommandExecution.java:104)
	at org.gradle.launcher.daemon.server.api.HandleReportStatus.execute(HandleReportStatus.java:35)
	at org.gradle.launcher.daemon.server.api.DaemonCommandExecution.proceed(DaemonCommandExecution.java:104)
	at org.gradle.launcher.daemon.server.exec.HandleCancel.execute(HandleCancel.java:39)
	at org.gradle.launcher.daemon.server.api.DaemonCommandExecution.proceed(DaemonCommandExecution.java:104)
	at org.gradle.launcher.daemon.server.api.HandleInvalidateVirtualFileSystem.execute(HandleInvalidateVirtualFileSystem.java:46)
	at org.gradle.launcher.daemon.server.api.DaemonCommandExecution.proceed(DaemonCommandExecution.java:104)
	at org.gradle.launcher.daemon.server.api.HandleStop.execute(HandleStop.java:46)
	at org.gradle.launcher.daemon.server.api.DaemonCommandExecution.proceed(DaemonCommandExecution.java:104)
	at org.gradle.launcher.daemon.server.exec.DaemonCommandExecuter.executeCommand(DaemonCommandExecuter.java:55)
	at org.gradle.launcher.daemon.server.DefaultIncomingConnectionHandler$ConnectionWorker.handleCommand(DefaultIncomingConnectionHandler.java:161)
	at org.gradle.launcher.daemon.server.DefaultIncomingConnectionHandler$ConnectionWorker.receiveAndHandleCommand(DefaultIncomingConnectionHandler.java:134)
	at org.gradle.launcher.daemon.server.DefaultIncomingConnectionHandler$ConnectionWorker.run(DefaultIncomingConnectionHandler.java:122)
	at org.gradle.internal.concurrent.ExecutorPolicy$CatchAndRecordFailures.onExecute(ExecutorPolicy.java:64)
	at org.gradle.internal.concurrent.AbstractManagedExecutor$1.run(AbstractManagedExecutor.java:47)
	at java.base/java.util.concurrent.ThreadPoolExecutor.runWorker(ThreadPoolExecutor.java:1090)
	at java.base/java.util.concurrent.ThreadPoolExecutor$Worker.run(ThreadPoolExecutor.java:614)
	at java.base/java.lang.Thread.run(Thread.java:1474)
Caused by: com.esotericsoftware.kryo.KryoException: java.io.IOException: Broken pipe
	at com.esotericsoftware.kryo.io.Output.flush(Output.java:165)
	at com.esotericsoftware.kryo.io.Output.require(Output.java:142)
	at com.esotericsoftware.kryo.io.Output.writeBytes(Output.java:228)
	at org.gradle.internal.serialize.kryo.KryoBackedEncoder.writeBytes(KryoBackedEncoder.java:49)
	at org.gradle.internal.serialize.AbstractEncoder$EncoderStream.write(AbstractEncoder.java:94)
	at java.base/java.io.ObjectOutputStream$BlockDataOutputStream.drain(ObjectOutputStream.java:1765)
	at java.base/java.io.ObjectOutputStream$BlockDataOutputStream.setBlockDataMode(ObjectOutputStream.java:1674)
	at java.base/java.io.ObjectOutputStream.writeObject0(ObjectOutputStream.java:1090)
	at java.base/java.io.ObjectOutputStream.writeObject(ObjectOutputStream.java:325)
	at org.gradle.internal.serialize.DefaultSerializer.write(DefaultSerializer.java:56)
	at org.gradle.tooling.internal.provider.serialization.SerializedPayloadSerializer.write(SerializedPayloadSerializer.java:32)
	at org.gradle.tooling.internal.provider.serialization.SerializedPayloadSerializer.write(SerializedPayloadSerializer.java:27)
	at org.gradle.launcher.daemon.protocol.DaemonMessageSerializer$SuccessSerializer.write(DaemonMessageSerializer.java:106)
	at org.gradle.launcher.daemon.protocol.DaemonMessageSerializer$SuccessSerializer.write(DaemonMessageSerializer.java:82)
	at org.gradle.internal.serialize.DefaultSerializerRegistry$TaggedTypeSerializer.write(DefaultSerializerRegistry.java:171)
	at org.gradle.internal.serialize.Serializers$StatefulSerializerAdapter$2.write(Serializers.java:46)
	at org.gradle.internal.remote.internal.inet.SocketConnection.dispatch(SocketConnection.java:124)
	... 24 more
Caused by: java.io.IOException: Broken pipe
	at java.base/sun.nio.ch.SocketDispatcher.write0(Native Method)
	at java.base/sun.nio.ch.SocketDispatcher.write(SocketDispatcher.java:65)
	at java.base/sun.nio.ch.IOUtil.writeFromNativeBuffer(IOUtil.java:137)
	at java.base/sun.nio.ch.IOUtil.write(IOUtil.java:81)
	at java.base/sun.nio.ch.IOUtil.write(IOUtil.java:58)
	at java.base/sun.nio.ch.SocketChannelImpl.implWrite(SocketChannelImpl.java:562)
	at java.base/sun.nio.ch.SocketChannelImpl.write(SocketChannelImpl.java:614)
	at org.gradle.internal.remote.internal.inet.SocketConnection$SocketOutputStream.writeWithNonBlockingRetry(SocketConnection.java:282)
	at org.gradle.internal.remote.internal.inet.SocketConnection$SocketOutputStream.writeBufferToChannel(SocketConnection.java:269)
	at org.gradle.internal.remote.internal.inet.SocketConnection$SocketOutputStream.write(SocketConnection.java:255)
	at com.esotericsoftware.kryo.io.Output.flush(Output.java:163)
	... 40 more
2026-10-02T09:45:01.505+0900 [DEBUG] [org.gradle.launcher.daemon.server.SynchronizedDispatchConnection] thread 36: dispatching Failure[value=org.gradle.internal.remote.internal.MessageIOException: Could not write message Success[value=org.gradle.launcher.exec.BuildActionResult@528d9cb] to '/127.0.0.1:37464'.]
2026-10-02T09:45:01.505+0900 [DEBUG] [org.gradle.launcher.daemon.server.DefaultIncomingConnectionHandler] Finishing executing command: Build{id=46ee3e9c-81c7-4e38-bd33-abd5cee49f51, currentDir=/home/vienna/Downloads/mybatis-dbcolumn-demo}
2026-10-02T09:45:01.505+0900 [DEBUG] [org.gradle.launcher.daemon.server.SynchronizedDispatchConnection] thread 36: stopping connection
2026-10-02T09:45:01.506+0900 [DEBUG] [org.gradle.launcher.daemon.server.SynchronizedDispatchConnection] thread 36: stopping connection
2026-10-02T09:45:01.507+0900 [ERROR] [org.gradle.internal.concurrent.DefaultExecutorFactory] Failed to execute org.gradle.launcher.daemon.server.DefaultIncomingConnectionHandler$ConnectionWorker@5049d887.
org.gradle.internal.remote.internal.MessageIOException: Could not write '/127.0.0.1:37464'.
	at org.gradle.internal.remote.internal.inet.SocketConnection.flush(SocketConnection.java:142)
	at org.gradle.internal.remote.internal.inet.SocketConnection$1.close(SocketConnection.java:151)
	at org.gradle.internal.concurrent.CompositeStoppable$1.stop(CompositeStoppable.java:103)
	at org.gradle.internal.concurrent.CompositeStoppable.stop(CompositeStoppable.java:119)
	at org.gradle.internal.remote.internal.inet.SocketConnection.stop(SocketConnection.java:153)
	at org.gradle.launcher.daemon.server.SynchronizedDispatchConnection.stop(SynchronizedDispatchConnection.java:78)
	at org.gradle.launcher.daemon.server.DefaultIncomingConnectionHandler$ConnectionWorker.receiveAndHandleCommand(DefaultIncomingConnectionHandler.java:140)
	at org.gradle.launcher.daemon.server.DefaultIncomingConnectionHandler$ConnectionWorker.run(DefaultIncomingConnectionHandler.java:122)
	at org.gradle.internal.concurrent.ExecutorPolicy$CatchAndRecordFailures.onExecute(ExecutorPolicy.java:64)
	at org.gradle.internal.concurrent.AbstractManagedExecutor$1.run(AbstractManagedExecutor.java:47)
	at java.base/java.util.concurrent.ThreadPoolExecutor.runWorker(ThreadPoolExecutor.java:1090)
	at java.base/java.util.concurrent.ThreadPoolExecutor$Worker.run(ThreadPoolExecutor.java:614)
	at java.base/java.lang.Thread.run(Thread.java:1474)
Caused by: com.esotericsoftware.kryo.KryoException: java.nio.channels.ClosedChannelException
	at com.esotericsoftware.kryo.io.Output.flush(Output.java:165)
	at org.gradle.internal.serialize.kryo.KryoBackedEncoder.flush(KryoBackedEncoder.java:144)
	at org.gradle.internal.remote.internal.inet.SocketConnection.flush(SocketConnection.java:139)
	... 12 more
Caused by: java.nio.channels.ClosedChannelException
	at java.base/sun.nio.ch.SocketChannelImpl.ensureOpenAndConnected(SocketChannelImpl.java:224)
	at java.base/sun.nio.ch.SocketChannelImpl.implWrite(SocketChannelImpl.java:556)
	at java.base/sun.nio.ch.SocketChannelImpl.write(SocketChannelImpl.java:614)
	at org.gradle.internal.remote.internal.inet.SocketConnection$SocketOutputStream.writeWithNonBlockingRetry(SocketConnection.java:282)
	at org.gradle.internal.remote.internal.inet.SocketConnection$SocketOutputStream.writeBufferToChannel(SocketConnection.java:269)
	at org.gradle.internal.remote.internal.inet.SocketConnection$SocketOutputStream.write(SocketConnection.java:255)
	at com.esotericsoftware.kryo.io.Output.flush(Output.java:163)
	... 14 more
2026-10-02T09:45:05.356+0900 [DEBUG] [org.gradle.launcher.daemon.server.Daemon] Starting periodic daemon health check.
2026-10-02T09:45:05.357+0900 [DEBUG] [org.gradle.cache.internal.DefaultFileLockManager] Waiting to acquire shared lock on daemon addresses registry.
2026-10-02T09:45:05.357+0900 [DEBUG] [org.gradle.cache.internal.DefaultFileLockManager] Lock acquired on daemon addresses registry.
2026-10-02T09:45:05.357+0900 [DEBUG] [org.gradle.cache.internal.DefaultFileLockManager] Releasing lock on daemon addresses registry.
2026-10-02T09:45:05.358+0900 [DEBUG] [org.gradle.cache.internal.DefaultFileLockManager] Waiting to acquire shared lock on daemon addresses registry.
2026-10-02T09:45:05.358+0900 [DEBUG] [org.gradle.cache.internal.DefaultFileLockManager] Lock acquired on daemon addresses registry.
2026-10-02T09:45:05.358+0900 [DEBUG] [org.gradle.cache.internal.DefaultFileLockManager] Releasing lock on daemon addresses registry.
2026-10-02T09:45:05.358+0900 [DEBUG] [org.gradle.launcher.daemon.server.Daemon] Finished periodic daemon health check.
2026-10-02T09:45:15.356+0900 [DEBUG] [org.gradle.launcher.daemon.server.Daemon] Starting periodic daemon health check.
2026-10-02T09:45:15.357+0900 [DEBUG] [org.gradle.cache.internal.DefaultFileLockManager] Waiting to acquire shared lock on daemon addresses registry.
2026-10-02T09:45:15.357+0900 [DEBUG] [org.gradle.cache.internal.DefaultFileLockManager] Lock acquired on daemon addresses registry.
2026-10-02T09:45:15.358+0900 [DEBUG] [org.gradle.cache.internal.DefaultFileLockManager] Releasing lock on daemon addresses registry.
2026-10-02T09:45:15.358+0900 [DEBUG] [org.gradle.cache.internal.DefaultFileLockManager] Waiting to acquire shared lock on daemon addresses registry.
2026-10-02T09:45:15.359+0900 [DEBUG] [org.gradle.cache.internal.DefaultFileLockManager] Lock acquired on daemon addresses registry.
2026-10-02T09:45:15.359+0900 [DEBUG] [org.gradle.cache.internal.DefaultFileLockManager] Releasing lock on daemon addresses registry.
2026-10-02T09:45:15.359+0900 [DEBUG] [org.gradle.launcher.daemon.server.Daemon] Finished periodic daemon health check.
2026-10-02T09:45:25.356+0900 [DEBUG] [org.gradle.launcher.daemon.server.Daemon] Starting periodic daemon health check.
2026-10-02T09:45:25.357+0900 [DEBUG] [org.gradle.cache.internal.DefaultFileLockManager] Waiting to acquire shared lock on daemon addresses registry.
2026-10-02T09:45:25.357+0900 [DEBUG] [org.gradle.cache.internal.DefaultFileLockManager] Lock acquired on daemon addresses registry.
2026-10-02T09:45:25.357+0900 [DEBUG] [org.gradle.cache.internal.DefaultFileLockManager] Releasing lock on daemon addresses registry.
2026-10-02T09:45:25.358+0900 [DEBUG] [org.gradle.cache.internal.DefaultFileLockManager] Waiting to acquire shared lock on daemon addresses registry.
2026-10-02T09:45:25.358+0900 [DEBUG] [org.gradle.cache.internal.DefaultFileLockManager] Lock acquired on daemon addresses registry.
2026-10-02T09:45:25.359+0900 [DEBUG] [org.gradle.cache.internal.DefaultFileLockManager] Releasing lock on daemon addresses registry.
2026-10-02T09:45:25.359+0900 [DEBUG] [org.gradle.launcher.daemon.server.Daemon] Finished periodic daemon health check.
2026-10-02T09:45:35.356+0900 [DEBUG] [org.gradle.launcher.daemon.server.Daemon] Starting periodic daemon health check.
2026-10-02T09:45:35.357+0900 [DEBUG] [org.gradle.cache.internal.DefaultFileLockManager] Waiting to acquire shared lock on daemon addresses registry.
2026-10-02T09:45:35.357+0900 [DEBUG] [org.gradle.cache.internal.DefaultFileLockManager] Lock acquired on daemon addresses registry.
2026-10-02T09:45:35.357+0900 [DEBUG] [org.gradle.cache.internal.DefaultFileLockManager] Releasing lock on daemon addresses registry.
2026-10-02T09:45:35.358+0900 [DEBUG] [org.gradle.cache.internal.DefaultFileLockManager] Waiting to acquire shared lock on daemon addresses registry.
2026-10-02T09:45:35.358+0900 [DEBUG] [org.gradle.cache.internal.DefaultFileLockManager] Lock acquired on daemon addresses registry.
2026-10-02T09:45:35.358+0900 [DEBUG] [org.gradle.cache.internal.DefaultFileLockManager] Releasing lock on daemon addresses registry.
2026-10-02T09:45:35.359+0900 [DEBUG] [org.gradle.launcher.daemon.server.Daemon] Finished periodic daemon health check.
2026-10-02T09:45:45.356+0900 [DEBUG] [org.gradle.launcher.daemon.server.Daemon] Starting periodic daemon health check.
2026-10-02T09:45:45.357+0900 [DEBUG] [org.gradle.cache.internal.DefaultFileLockManager] Waiting to acquire shared lock on daemon addresses registry.
2026-10-02T09:45:45.357+0900 [DEBUG] [org.gradle.cache.internal.DefaultFileLockManager] Lock acquired on daemon addresses registry.
2026-10-02T09:45:45.358+0900 [DEBUG] [org.gradle.cache.internal.DefaultFileLockManager] Releasing lock on daemon addresses registry.
2026-10-02T09:45:45.358+0900 [DEBUG] [org.gradle.cache.internal.DefaultFileLockManager] Waiting to acquire shared lock on daemon addresses registry.
2026-10-02T09:45:45.358+0900 [DEBUG] [org.gradle.cache.internal.DefaultFileLockManager] Lock acquired on daemon addresses registry.
2026-10-02T09:45:45.359+0900 [DEBUG] [org.gradle.cache.internal.DefaultFileLockManager] Releasing lock on daemon addresses registry.
2026-10-02T09:45:45.359+0900 [DEBUG] [org.gradle.launcher.daemon.server.Daemon] Finished periodic daemon health check.
2026-10-02T09:45:55.356+0900 [DEBUG] [org.gradle.launcher.daemon.server.Daemon] Starting periodic daemon health check.
2026-10-02T09:45:55.357+0900 [DEBUG] [org.gradle.cache.internal.DefaultFileLockManager] Waiting to acquire shared lock on daemon addresses registry.
2026-10-02T09:45:55.357+0900 [DEBUG] [org.gradle.cache.internal.DefaultFileLockManager] Lock acquired on daemon addresses registry.
2026-10-02T09:45:55.357+0900 [DEBUG] [org.gradle.cache.internal.DefaultFileLockManager] Releasing lock on daemon addresses registry.
2026-10-02T09:45:55.358+0900 [DEBUG] [org.gradle.cache.internal.DefaultFileLockManager] Waiting to acquire shared lock on daemon addresses registry.
2026-10-02T09:45:55.358+0900 [DEBUG] [org.gradle.cache.internal.DefaultFileLockManager] Lock acquired on daemon addresses registry.
2026-10-02T09:45:55.358+0900 [DEBUG] [org.gradle.cache.internal.DefaultFileLockManager] Releasing lock on daemon addresses registry.
2026-10-02T09:45:55.359+0900 [DEBUG] [org.gradle.launcher.daemon.server.Daemon] Finished periodic daemon health check.
2026-10-02T09:46:05.356+0900 [DEBUG] [org.gradle.launcher.daemon.server.Daemon] Starting periodic daemon health check.
2026-10-02T09:46:05.357+0900 [DEBUG] [org.gradle.cache.internal.DefaultFileLockManager] Waiting to acquire shared lock on daemon addresses registry.
2026-10-02T09:46:05.357+0900 [DEBUG] [org.gradle.cache.internal.DefaultFileLockManager] Lock acquired on daemon addresses registry.
2026-10-02T09:46:05.357+0900 [DEBUG] [org.gradle.cache.internal.DefaultFileLockManager] Releasing lock on daemon addresses registry.
2026-10-02T09:46:05.358+0900 [DEBUG] [org.gradle.cache.internal.DefaultFileLockManager] Waiting to acquire shared lock on daemon addresses registry.
2026-10-02T09:46:05.358+0900 [DEBUG] [org.gradle.cache.internal.DefaultFileLockManager] Lock acquired on daemon addresses registry.
2026-10-02T09:46:05.358+0900 [DEBUG] [org.gradle.cache.internal.DefaultFileLockManager] Releasing lock on daemon addresses registry.
2026-10-02T09:46:05.359+0900 [DEBUG] [org.gradle.launcher.daemon.server.Daemon] Finished periodic daemon health check.
2026-10-02T09:46:15.356+0900 [DEBUG] [org.gradle.launcher.daemon.server.Daemon] Starting periodic daemon health check.
2026-10-02T09:46:15.357+0900 [DEBUG] [org.gradle.cache.internal.DefaultFileLockManager] Waiting to acquire shared lock on daemon addresses registry.
2026-10-02T09:46:15.357+0900 [DEBUG] [org.gradle.cache.internal.DefaultFileLockManager] Lock acquired on daemon addresses registry.
2026-10-02T09:46:15.358+0900 [DEBUG] [org.gradle.cache.internal.DefaultFileLockManager] Releasing lock on daemon addresses registry.
2026-10-02T09:46:15.358+0900 [DEBUG] [org.gradle.cache.internal.DefaultFileLockManager] Waiting to acquire shared lock on daemon addresses registry.
2026-10-02T09:46:15.359+0900 [DEBUG] [org.gradle.cache.internal.DefaultFileLockManager] Lock acquired on daemon addresses registry.
2026-10-02T09:46:15.359+0900 [DEBUG] [org.gradle.cache.internal.DefaultFileLockManager] Releasing lock on daemon addresses registry.
2026-10-02T09:46:15.359+0900 [DEBUG] [org.gradle.launcher.daemon.server.Daemon] Finished periodic daemon health check.
2026-10-02T09:46:25.356+0900 [DEBUG] [org.gradle.launcher.daemon.server.Daemon] Starting periodic daemon health check.
2026-10-02T09:46:25.357+0900 [DEBUG] [org.gradle.cache.internal.DefaultFileLockManager] Waiting to acquire shared lock on daemon addresses registry.
2026-10-02T09:46:25.357+0900 [DEBUG] [org.gradle.cache.internal.DefaultFileLockManager] Lock acquired on daemon addresses registry.
2026-10-02T09:46:25.357+0900 [DEBUG] [org.gradle.cache.internal.DefaultFileLockManager] Releasing lock on daemon addresses registry.
2026-10-02T09:46:25.358+0900 [DEBUG] [org.gradle.cache.internal.DefaultFileLockManager] Waiting to acquire shared lock on daemon addresses registry.
2026-10-02T09:46:25.358+0900 [DEBUG] [org.gradle.cache.internal.DefaultFileLockManager] Lock acquired on daemon addresses registry.
2026-10-02T09:46:25.358+0900 [DEBUG] [org.gradle.cache.internal.DefaultFileLockManager] Releasing lock on daemon addresses registry.
2026-10-02T09:46:25.358+0900 [DEBUG] [org.gradle.launcher.daemon.server.Daemon] Finished periodic daemon health check.
